[web.archive.org/web/20240718170310/https_/www.smart-digital.at/en/index.html]
[archive.org/includes/athena.js]
[web.archive.org/_static/js/bundle-playback8db8.js]
[web.archive.org/_static/js/wombat9b8c.js]
[web.archive.org/_static/css/banner-styles52e6.css]
[web.archive.org/_static/js/ruffle/ruffle.js]
[backblue.gif]
[fade.gif]
[index.html]
[web.archive.org/_static/css/iconochive29a7.css]
[web.archive.org/web/20240718170310/https_/www.smart-digital.at/en/feed/index.html]
[web.archive.org/web/20240626135939cs_/https_/www.smart-digital.at/wp-content/cache/wpo-minify/1718026369/assets/wpo-minify-header-af40a85b.min.css]
[web.archive.org/web/20220926140421js_/https_/www.smart-digital.at/wp-includes/js/jquery/jquery.min.js]
[web.archive.org/web/20240718170310/https_/www.smart-digital.at/en/comments/feed/index.html]
[web.archive.org/web/20220926140228js_/https_/www.smart-digital.at/wp-includes/js/jquery/jquery-migrate.min.js]
[web.archive.org/web/20220926140218js_/https_/www.smart-digital.at/wp-content/plugins/elementor/assets/lib/font-awesome/js/v4-shims.min.js]
[web.archive.org/web/20240626202938im_/https_/www.smart-digital.at/wp-content/uploads/2021/10/Smart-Digital-Logo-symbol-150x150.png]
[web.archive.org/web/20240626172401im_/https_/www.smart-digital.at/wp-content/uploads/2021/10/Smart-Digital-Logo-symbol-300x300.png]
[web.archive.org/_static/images/toolbar/wayback-toolbar-logo-200.png]
[web.archive.org/_static/images/toolbar/wm_tb_prv_on.png]
[web.archive.org/_static/images/toolbar/wm_tb_nxt_off.png]
[wiki.archiveteam.org/images/e/e6/Archiveteam.jpg]
[web.archive.org/_static/images/loading.gif]
[web.archive.org/web/20220926150645im_/https_/www.smart-digital.at/wp-content/uploads/2021/06/Smart-Digital-Logo-4c_darkblu-01-e1623312244255.png]
[web.archive.org/web/20231101100058cs_/https_/www.smart-digital.at/wp-content/plugins/elementor/assets/css/widget-icon-box.min.css]
[web.archive.org/web/20240626143028im_/https_/www.smart-digital.at/wp-content/uploads/2023/09/Objekt-und-Gelaende-Visualisierung-1-1536x864.jpg]
[web.archive.org/web/20240626194537im_/https_/www.smart-digital.at/wp-content/uploads/2023/09/Objekt-und-Gelaende-Visualisierung-2-1536x864.jpg]
[web.archive.org/web/20240626145302im_/https_/www.smart-digital.at/wp-content/uploads/2023/09/Objekt-und-Gelaende-Visualisierung-3-1536x864.jpg]
[web.archive.org/web/20240626151246im_/https_/www.smart-digital.at/wp-content/uploads/2023/09/Objekt-und-Gelaende-Visualisierung-4-1536x864.jpg]
[web.archive.org/web/20240626155119im_/https_/www.smart-digital.at/wp-content/uploads/2023/09/Objekt-und-Gelaende-Visualisierung-5-1536x864.jpg]
[web.archive.org/web/20240626134445im_/https_/www.smart-digital.at/wp-content/uploads/2023/09/Objekt-und-Gelaende-Visualisierung-6-1536x864.jpg]
[web.archive.org/web/20240627093117im_/https_/www.smart-digital.at/wp-content/uploads/2023/09/Objekt-und-Gelaende-Visualisierung-7-1536x864.jpg]
[web.archive.org/web/20240626173412im_/https_/www.smart-digital.at/wp-content/uploads/2023/09/Inventarisierung-1-1536x864.jpg]
[web.archive.org/web/20240626140715im_/https_/www.smart-digital.at/wp-content/uploads/2023/09/Inventarisierung-2-1536x864.jpg]
[web.archive.org/web/20240626165632im_/https_/www.smart-digital.at/wp-content/uploads/2023/09/Inventarisierung-3-1536x864.jpg]
[web.archive.org/web/20240626143114im_/https_/www.smart-digital.at/wp-content/uploads/2023/09/Inventarisierung-4-1536x864.jpg]
[web.archive.org/web/20240626152110im_/https_/www.smart-digital.at/wp-content/uploads/2023/09/Inventarisierung-5-1536x864.jpg]
[web.archive.org/web/20240626191340im_/https_/www.smart-digital.at/wp-content/uploads/2023/09/Inventarisierung-6-1536x864.jpg]
[web.archive.org/web/20240626181421im_/https_/www.smart-digital.at/wp-content/uploads/2023/09/Inventarisierung-7-1536x864.jpg]
[web.archive.org/web/20240627085439im_/https_/www.smart-digital.at/wp-content/uploads/2023/09/Inventarisierung-8-1536x864.jpg]
[web.archive.org/web/20240626141322im_/https_/www.smart-digital.at/wp-content/uploads/2023/09/Inventarisierung-9-1536x864.jpg]
[web.archive.org/web/20240626174848im_/https_/www.smart-digital.at/wp-content/uploads/2023/09/Zustandserkennung-1-1536x864.jpg]
[web.archive.org/web/20240626172326im_/https_/www.smart-digital.at/wp-content/uploads/2023/09/Zustandserkennung-2-1536x864.jpg]
[web.archive.org/web/20240626134418im_/https_/www.smart-digital.at/wp-content/uploads/2023/09/Zustandserkennung-4-1536x864.jpg]
[web.archive.org/web/20240626135915im_/https_/www.smart-digital.at/wp-content/uploads/2023/09/Zustandserkennung-5-1536x864.jpg]
[web.archive.org/web/20240626183651im_/https_/www.smart-digital.at/wp-content/uploads/2023/09/Zustandserkennung-7-1536x864.jpg]
[web.archive.org/web/20240626151526im_/https_/www.smart-digital.at/wp-content/uploads/2023/09/Zustandserkennung-8-1536x864.jpg]
[web.archive.org/web/20240626174314im_/https_/www.smart-digital.at/wp-content/uploads/2023/09/Disaster-Management-1536x864.jpg]
[web.archive.org/web/20240626185217im_/https_/www.smart-digital.at/wp-content/uploads/elementor/thumbs/ARCA_Logo_RGB-qc26caql6mrhg9nmf0wy1xx89ivwekiqh8a5h6be9w.png]
[web.archive.org/web/20240626142612im_/https_/www.smart-digital.at/wp-content/uploads/2023/09/506-Konvertiert-e1635428305702.png]
[web.archive.org/web/20240626134710im_/https_/www.smart-digital.at/wp-content/uploads/2023/09/InfraScore_Logo_RGB_WS-300x80.png]
[web.archive.org/web/20240626163533im_/https_/www.smart-digital.at/wp-content/uploads/2023/09/1098-Wiederhergestellt-1-300x241.png]
[web.archive.org/web/20231101100058cs_/https_/www.smart-digital.at/wp-content/plugins/elementor-pro/assets/css/widget-flip-box.min.css]
[web.archive.org/web/20231101100058cs_/https_/www.smart-digital.at/wp-content/plugins/elementor-pro/assets/css/widget-nav-menu.min.css]
[web.archive.org/web/20240626172010cs_/https_/www.smart-digital.at/wp-content/plugins/astra-addon/addons/nav-menu/assets/css/minified/magamenu-frontend.min.css]
[web.archive.org/web/20240628012045cs_/https_/www.smart-digital.at/wp-content/cache/wpo-minify/1718026369/assets/wpo-minify-footer-d9421a46.min.css]
[web.archive.org/web/20220926140234js_/https_/www.smart-digital.at/wp-content/themes/astra/assets/js/minified/frontend.min.js]
[web.archive.org/web/20240626152545js_/https_/js-eu1.hs-scripts.com/27061021d0fc.js]
[web.archive.org/web/20240626151515js_/https_/www.smart-digital.at/wp-content/uploads/astra-addon/astra-addon-664701c2e29595-26513869.js]
[web.archive.org/web/20220926140221js_/https_/www.smart-digital.at/wp-content/plugins/elementskit-lite/libs/framework/assets/js/frontend-script.js]
[web.archive.org/web/20220926144810js_/https_/www.smart-digital.at/wp-content/plugins/elementskit-lite/widgets/init/assets/js/widget-scripts.js]
[web.archive.org/web/20220926140218js_/https_/www.smart-digital.at/wp-content/plugins/essential-addons-for-elementor-lite/assets/front-end/js/view/general.min.js]
[web.archive.org/web/20240626162259js_/https_/www.smart-digital.at/wp-content/plugins/premium-addons-for-elementor/assets/frontend/min-js/premium-wrapper-link.min.js]
[web.archive.org/web/20220926155823js_/https_/www.smart-digital.at/wp-content/plugins/elementor-pro/assets/lib/smartmenus/jquery.smartmenus.min.js]
[web.archive.org/web/20220926140223js_/https_/www.smart-digital.at/wp-content/plugins/elementor-pro/assets/js/webpack-pro.runtime.min.js]
[web.archive.org/web/20220926140233js_/https_/www.smart-digital.at/wp-content/plugins/elementor/assets/js/webpack.runtime.min.js]
[web.archive.org/web/20220926140251js_/https_/www.smart-digital.at/wp-content/plugins/elementor/assets/js/frontend-modules.min.js]
[web.archive.org/web/20220926140224js_/https_/www.smart-digital.at/wp-includes/js/dist/hooks.min.js]
[web.archive.org/web/20220926143626js_/https_/www.smart-digital.at/wp-includes/js/dist/i18n.min.js]
[web.archive.org/web/20220926140417js_/https_/www.smart-digital.at/wp-content/plugins/elementor-pro/assets/js/frontend.min.js]
[web.archive.org/web/20220926145134js_/https_/www.smart-digital.at/wp-content/plugins/elementor/assets/lib/waypoints/waypoints.min.js]
[web.archive.org/web/20220926151559js_/https_/www.smart-digital.at/wp-includes/js/jquery/ui/core.min.js]
[web.archive.org/web/20220926160013js_/https_/www.smart-digital.at/wp-content/plugins/elementor/assets/js/frontend.min.js]
[web.archive.org/web/20220926140256js_/https_/www.smart-digital.at/wp-content/plugins/elementor-pro/assets/js/elements-handlers.min.js]
[web.archive.org/web/20240627020421js_/https_/www.smart-digital.at/wp-content/plugins/elementskit-lite/widgets/init/assets/js/animate-circle.min.js]
[web.archive.org/web/20220926140234js_/https_/www.smart-digital.at/wp-content/plugins/elementskit-lite/widgets/init/assets/js/elementor.js]
[web.archive.org/web/20220926140213js_/https_/www.smart-digital.at/wp-includes/js/underscore.min.js]
[web.archive.org/web/20220926145027js_/https_/www.smart-digital.at/wp-includes/js/wp-util.min.js]
[web.archive.org/web/20240718170310/https_/www.smart-digital.at/en/index.html]
[athena.archive.org/0.gif]
[archive.org/includes/athena.js]
[web.archive.org/web/20220926150345js_/https_/www.smart-digital.at/wp-content/plugins/wpforms-lite/assets/js/integrations/elementor/frontend.min.js]
[web.archive.org/_static/css/banner-styles52e6.css]
[web.archive.org/_static/css/iconochive29a7.css]
[web.archive.org/web/20240718170310/https_/www.smart-digital.at/en/feed/index.html]
[web.archive.org/web/20240718170310/https_/www.smart-digital.at/en/comments/feed/index.html]
[web.archive.org/_static/css/record.css]
[web.archive.org/web/20220926150459im_/https_/www.smart-digital.at/wp-content/uploads/2021/10/maze-5768511-scaled.jpg]
[web.archive.org/web/20240626135939cs_/https_/www.smart-digital.at/wp-content/cache/wpo-minify/1718026369/assets/wpo-minify-header-af40a85b.min.css]
[web.archive.org/web/20231101100058cs_/https_/www.smart-digital.at/wp-content/plugins/elementor/assets/css/widget-icon-box.min.css]
[web.archive.org/web/20240718170310im_/https_/www.smart-digital.at/wp-content/uploads/2023/09/SmartDigital_Group_from_the_air_A_storm_has_destroyed_a_power_l_ff257b42-675a-44a3-8088]
[web.archive.org/web/20240718170310im_/https_/www.smart-digital.at/wp-content/uploads/2023/09/SmartDigital_Group_train_crash_on_a_bridge_day_lower_austria_ul_5941172a-82e6-452e-b241]
[web.archive.org/web/20240718170310im_/https_/www.smart-digital.at/wp-content/uploads/2023/09/SmartDigital_Group_from_the_air_Railroad_accident_on_a_bridge_M_0e9fbd87-fff4-4236-a1bc]
[web.archive.org/web/20240718170310im_/https_/www.smart-digital.at/wp-content/uploads/2023/09/smartdigitalgroup_from_the_air_Accident_on_a_3_lane_highway_wit_62468151-c907-44a3-a220]
[web.archive.org/web/20231101100058cs_/https_/www.smart-digital.at/wp-content/plugins/elementor-pro/assets/css/widget-flip-box.min.css]
[web.archive.org/web/20231101100058cs_/https_/www.smart-digital.at/wp-content/plugins/elementor-pro/assets/css/widget-nav-menu.min.css]
[web.archive.org/web/20240626172010cs_/https_/www.smart-digital.at/wp-content/plugins/astra-addon/addons/nav-menu/assets/css/minified/magamenu-frontend.min.css]
[web.archive.org/web/20240628012045cs_/https_/www.smart-digital.at/wp-content/cache/wpo-minify/1718026369/assets/wpo-minify-footer-d9421a46.min.css]
[web.archive.org/_static/css/record.css]
